// Jest Snapshot v1, https://goo.gl/fbAQLP

exports[`changing button name to Hide toggle the button 1`] = `
<div
  className="App"
>
  <button
    onClick={[Function]}
  >
    Show
  </button>
  <button
    onClick={[Function]}
  >
    SUBSCRIBE TO BASIC
  </button>
</div>
`;

exports[`my first snapshot test testing app button 1`] = `
<div
  className="App"
>
  <button
    onClick={[Function]}
  >
    Show
  </button>
  <button
    onClick={[Function]}
  >
    SUBSCRIBE TO BASIC
  </button>
</div>
`;
